[17:25:35] [main/INFO] (FabricLoader/GameProvider) Loading Minecraft 26.1 with Fabric Loader 0.19.2
[17:25:35] [main/INFO] (FabricLoader/Mappings) Mappings not present!
[17:25:35] [main/INFO] (FabricLoader) Loading 52 mods:
	- fabric-api 0.145.1+26.1
	- fabric-api-base 2.0.3+ece0632359
	- fabric-api-lookup-api-v1 2.0.10+d5a053b647
	- fabric-biome-api-v1 18.0.4+35c80edc47
	- fabric-block-api-v1 3.0.2+ec56b60147
	- fabric-block-getter-api-v2 2.0.6+ec56b60147
	- fabric-client-gametest-api-v1 5.0.13+ff4eae5a47
	- fabric-command-api-v2 3.0.5+e2bdee7847
	- fabric-content-registries-v0 11.0.12+d871b99e47
	- fabric-convention-tags-v2 4.3.2+c37e6e5f47
	- fabric-crash-report-info-v1 1.0.3+9f78a5a847
	- fabric-creative-tab-api-v1 5.0.10+d871b99e47
	- fabric-data-attachment-api-v1 2.2.3+d602a89647
	- fabric-data-generation-api-v1 24.0.17+35c80edc47
	- fabric-debug-api-v1 1.0.1+c792624d47
	- fabric-dimensions-v1 5.1.4+9cbf5da547
	- fabric-entity-events-v1 5.0.2+e2bdee7847
	- fabric-events-interaction-v0 5.1.10+c82f046147
	- fabric-game-rule-api-v1 4.0.5+d871b99e47
	- fabric-gametest-api-v1 4.0.13+00a1fba647
	- fabric-item-api-v1 14.1.0+9833182c47
	- fabric-key-mapping-api-v1 2.0.4+e2bdee7859
	- fabric-lifecycle-events-v1 4.0.6+a9b9c17659
	- fabric-loot-api-v3 3.0.11+00a1fba647
	- fabric-menu-api-v1 2.0.12+d871b99e47
	- fabric-message-api-v1 7.0.5+dae8ce3e47
	- fabric-model-loading-api-v1 8.0.1+c7e428fd47
	- fabric-networking-api-v1 6.3.0+50a808ce47
	- fabric-object-builder-api-v1 23.0.13+b61fef4347
	- fabric-particles-v1 5.0.14+b61fef4347
	- fabric-recipe-api-v1 9.0.13+be4b75ae47
	- fabric-registry-sync-v0 7.0.12+b61fef4347
	- fabric-renderer-api-v1 12.0.0+51b152e147
	- fabric-renderer-indigo 8.0.0+51b152e147
	- fabric-rendering-fluids-v1 6.0.1+d871b99e47
	- fabric-rendering-v1 23.0.4+c7e428fd47
	- fabric-resource-conditions-api-v1 6.0.5+00a1fba647
	- fabric-resource-loader-v0 3.3.16+4fc5413f47
	- fabric-resource-loader-v1 2.0.9+d871b99e59
	- fabric-screen-api-v1 5.0.1+d871b99e59
	- fabric-serialization-api-v1 2.0.3+11a26f3147
	- fabric-sound-api-v1 2.0.4+11a26f3147
	- fabric-tag-api-v1 2.0.9+11a26f3147
	- fabric-transfer-api-v1 8.0.2+d871b99e47
	- fabric-transitive-access-wideners-v1 8.0.11+d871b99e47
	- fabricloader 0.19.2
	- java 25
	- minecraft 26.1
	- mixinextras 0.5.4
	- modmenu 18.0.0-alpha.8
	   \-- placeholder-api 3.0.0-beta.2+26.1
	- pickup 0.1+26.1
[17:25:35] [main/WARN] (FabricLoader/ModRemap) Runtime mod remapping disabled due to no fabric.remapClasspathFile being specified. You may need to update loom.
[17:25:35] [main/INFO] (FabricLoader/Mixin) SpongePowered MIXIN Subsystem Version=0.8.7 Source=file:/C:/Users/judah/.gradle/caches/modules-2/files-2.1/net.fabricmc/sponge-mixin/0.17.2+mixin.0.8.7/edf98d1d98229e46e36c61774ae2b54dcd852981/sponge-mixin-0.17.2+mixin.0.8.7.jar Service=Knot/Fabric Env=CLIENT
[17:25:35] [main/INFO] (FabricLoader/Mixin) Compatibility level set to JAVA_25
[17:25:37] [main/INFO] (FabricLoader/MixinExtras|Service) Initializing MixinExtras via com.llamalad7.mixinextras.service.MixinExtrasServiceImpl(version=0.5.4).
[17:25:38] [Datafixer Bootstrap/INFO] (Minecraft) 291 Datafixer optimizations took 480 milliseconds
[17:25:39] [main/WARN] (PerfmonDisabled) Invalid registry value type detected for PerfOS counters. Should be REG_DWORD. Ignoring: HKEY_LOCAL_MACHINE\SYSTEM\CurrentControlSet\Services\PerfOS\Performance\Disable Performance Counters.
[17:25:46] [Render thread/INFO] (Minecraft) Environment: Environment[sessionHost=https://sessionserver.mojang.com, servicesHost=https://api.minecraftservices.com, profilesHost=https://api.mojang.com, name=PROD]
[17:25:46] [Render thread/INFO] (Minecraft) Setting user: Player632
[17:25:47] [Render thread/INFO] (CreeperDev FigManager) Initializing figs for project: pickup
[17:25:47] [Render thread/INFO] (CreeperDev FigManager) Figs loaded successfully!
[17:25:47] [Render thread/INFO] (CreeperDev FigManager) Could not find initialization method in Figs for pickup. Ignoring...
[17:25:47] [Render thread/INFO] (CreeperDev FigManager) Figs saved successfully.
[17:25:47] [Render thread/INFO] (CreeperDev FigManager) Initialized FigManager
[17:25:47] [Render thread/INFO] (Indigo) [Indigo] Registering Indigo renderer!
[17:25:47] [Render thread/INFO] (Mod Menu/Update Checker) Checking mod updates...
[17:25:47] [Download-2/ERROR] (Minecraft) Failed to fetch user properties
com.mojang.authlib.exceptions.InvalidCredentialsException: Status: 401
	at knot//com.mojang.authlib.exceptions.MinecraftClientHttpException.toAuthenticationException(MinecraftClientHttpException.java:59)
	at knot//com.mojang.authlib.yggdrasil.YggdrasilUserApiService.fetchProperties(YggdrasilUserApiService.java:150)
	at knot//net.minecraft.client.Minecraft.lambda$new$1(Minecraft.java:459)
	at java.base/java.util.concurrent.CompletableFuture$AsyncSupply.run(CompletableFuture.java:1789)
	at java.base/java.util.concurrent.ThreadPoolExecutor.runWorker(ThreadPoolExecutor.java:1090)
	at java.base/java.util.concurrent.ThreadPoolExecutor$Worker.run(ThreadPoolExecutor.java:614)
	at java.base/java.lang.Thread.run(Thread.java:1474)
Caused by: com.mojang.authlib.exceptions.MinecraftClientHttpException: Status: 401
	at knot//com.mojang.authlib.minecraft.client.MinecraftClient.readInputStream(MinecraftClient.java:103)
	at knot//com.mojang.authlib.minecraft.client.MinecraftClient.get(MinecraftClient.java:56)
	at knot//com.mojang.authlib.yggdrasil.YggdrasilUserApiService.fetchProperties(YggdrasilUserApiService.java:121)
	... 5 more
[17:25:47] [Render thread/INFO] (Minecraft) Backend library: LWJGL version 3.4.1-snapshot
[17:25:48] [Download-3/INFO] (Mod Menu/Update Checker) Update available for 'fabric-api@0.145.1+26.1', (-> 0.149.0+26.1.2)
[17:25:49] [Render thread/INFO] (Minecraft) Using optional rendering extensions: GL_ARB_buffer_storage, GL_KHR_debug, GL_ARB_vertex_attrib_binding, GL_ARB_direct_state_access, GL_EXT_texture_filter_anisotropic
[17:25:50] [Render thread/INFO] (Minecraft) Reloading ResourceManager: vanilla, fabric-api, fabric-api-base, fabric-api-lookup-api-v1, fabric-biome-api-v1, fabric-block-api-v1, fabric-block-getter-api-v2, fabric-client-gametest-api-v1, fabric-command-api-v2, fabric-content-registries-v0, fabric-convention-tags-v2, fabric-crash-report-info-v1, fabric-creative-tab-api-v1, fabric-data-attachment-api-v1, fabric-data-generation-api-v1, fabric-debug-api-v1, fabric-dimensions-v1, fabric-entity-events-v1, fabric-events-interaction-v0, fabric-game-rule-api-v1, fabric-gametest-api-v1, fabric-item-api-v1, fabric-key-mapping-api-v1, fabric-lifecycle-events-v1, fabric-loot-api-v3, fabric-menu-api-v1, fabric-message-api-v1, fabric-model-loading-api-v1, fabric-networking-api-v1, fabric-object-builder-api-v1, fabric-particles-v1, fabric-recipe-api-v1, fabric-registry-sync-v0, fabric-renderer-api-v1, fabric-renderer-indigo, fabric-rendering-fluids-v1, fabric-rendering-v1, fabric-resource-conditions-api-v1, fabric-resource-loader-v0, fabric-resource-loader-v1, fabric-screen-api-v1, fabric-serialization-api-v1, fabric-sound-api-v1, fabric-tag-api-v1, fabric-transfer-api-v1, fabric-transitive-access-wideners-v1, fabricloader, modmenu, placeholder-api
[17:25:50] [Download-3/INFO] (Minecraft) Could not authorize you against Realms server: java.lang.RuntimeException: Failed to parse into SignedJWT: FabricMC
[17:25:50] [Download-3/ERROR] (Minecraft) Failed to fetch Realms feature flags
com.mojang.realmsclient.exception.RealmsServiceException: Realms authentication error with message 'java.lang.RuntimeException: Failed to parse into SignedJWT: FabricMC'
	at knot//com.mojang.realmsclient.client.RealmsClient.execute(RealmsClient.java:526)
	at knot//com.mojang.realmsclient.client.RealmsClient.fetchFeatureFlags(RealmsClient.java:186)
	at java.base/java.util.concurrent.CompletableFuture$AsyncSupply.run(CompletableFuture.java:1789)
	at java.base/java.util.concurrent.ThreadPoolExecutor.runWorker(ThreadPoolExecutor.java:1090)
	at java.base/java.util.concurrent.ThreadPoolExecutor$Worker.run(ThreadPoolExecutor.java:614)
	at java.base/java.lang.Thread.run(Thread.java:1474)
[17:25:51] [Worker-Main-11/INFO] (Minecraft) Found unifont_pua-17.0.01.hex, loading
[17:25:51] [Worker-Main-3/INFO] (Minecraft) Found unifont_all_no_pua-17.0.01.hex, loading
[17:25:51] [Worker-Main-1/INFO] (Minecraft) Found unifont_jp_patch-17.0.01.hex, loading
[17:25:52] [Render thread/INFO] (Minecraft) OpenAL initialized on device OpenAL Soft on 2 - NS-39L240A13 (AMD High Definition Audio Device)
[17:25:52] [Render thread/INFO] (Minecraft) Sound engine started
[17:25:52] [Render thread/INFO] (Minecraft) Created: 512x256x0 minecraft:textures/atlas/particles.png-atlas
[17:25:52] [Render thread/INFO] (Minecraft) Created: 128x128x0 minecraft:textures/atlas/decorated_pot.png-atlas
[17:25:52] [Render thread/INFO] (Minecraft) Created: 2048x1024x0 minecraft:textures/atlas/armor_trims.png-atlas
[17:25:52] [Render thread/INFO] (Minecraft) Created: 512x256x0 minecraft:textures/atlas/paintings.png-atlas
[17:25:52] [Render thread/INFO] (Minecraft) Created: 1024x512x0 minecraft:textures/atlas/shield_patterns.png-atlas
[17:25:52] [Render thread/INFO] (Minecraft) Created: 2048x2048x4 minecraft:textures/atlas/blocks.png-atlas
[17:25:53] [Render thread/INFO] (Minecraft) Created: 512x512x0 minecraft:textures/atlas/chest.png-atlas
[17:25:53] [Render thread/INFO] (Minecraft) Created: 256x128x0 minecraft:textures/atlas/celestials.png-atlas
[17:25:53] [Render thread/INFO] (Minecraft) Created: 1024x512x0 minecraft:textures/atlas/banner_patterns.png-atlas
[17:25:53] [Render thread/INFO] (Minecraft) Created: 512x512x0 minecraft:textures/atlas/beds.png-atlas
[17:25:53] [Render thread/INFO] (Minecraft) Created: 1024x512x0 minecraft:textures/atlas/items.png-atlas
[17:25:53] [Render thread/INFO] (Minecraft) Created: 1024x1024x0 minecraft:textures/atlas/gui.png-atlas
[17:25:53] [Render thread/INFO] (Minecraft) Created: 128x64x0 minecraft:textures/atlas/map_decorations.png-atlas
[17:25:53] [Render thread/INFO] (Minecraft) Created: 512x256x0 minecraft:textures/atlas/signs.png-atlas
[17:25:53] [Render thread/INFO] (Minecraft) Created: 512x512x0 minecraft:textures/atlas/shulker_boxes.png-atlas
[17:25:53] [IO-Worker-1/INFO] (Minecraft) Could not authorize you against Realms server: java.lang.RuntimeException: Failed to parse into SignedJWT: FabricMC
[17:25:53] [IO-Worker-1/ERROR] (Minecraft) Couldn't connect to realms
com.mojang.realmsclient.exception.RealmsServiceException: Realms authentication error with message 'java.lang.RuntimeException: Failed to parse into SignedJWT: FabricMC'
	at knot//com.mojang.realmsclient.client.RealmsClient.execute(RealmsClient.java:526)
	at knot//com.mojang.realmsclient.client.RealmsClient.clientCompatible(RealmsClient.java:307)
	at knot//com.mojang.realmsclient.RealmsAvailability.lambda$check$0(RealmsAvailability.java:48)
	at java.base/java.util.concurrent.CompletableFuture$AsyncSupply.run(CompletableFuture.java:1789)
	at java.base/java.util.concurrent.ThreadPoolExecutor.runWorker(ThreadPoolExecutor.java:1090)
	at java.base/java.util.concurrent.ThreadPoolExecutor$Worker.run(ThreadPoolExecutor.java:614)
	at java.base/java.lang.Thread.run(Thread.java:1474)
[17:26:08] [Render thread/INFO] (Minecraft) Loaded 1515 recipes
[17:26:08] [Render thread/INFO] (Minecraft) Loaded 1617 advancements
[17:26:08] [Render thread/INFO] (BiomeModificationImpl) Applied 0 biome modifications to 0 of 65 new biomes in 1.644 ms
[17:26:08] [Server thread/INFO] (Minecraft) Starting integrated minecraft server version 26.1
[17:26:08] [Server thread/INFO] (Minecraft) Generating keypair
[17:26:09] [Server thread/INFO] (Minecraft) Loading 0 persistent chunks...
[17:26:09] [Server thread/INFO] (Minecraft) Preparing spawn area: 16%
[17:26:09] [Server thread/INFO] (Minecraft) Saving chunks for level 'ServerLevel[New World]'/minecraft:overworld
[17:26:09] [Server thread/INFO] (Minecraft) Saving chunks for level 'ServerLevel[New World]'/minecraft:the_nether
[17:26:09] [Server thread/INFO] (Minecraft) Saving chunks for level 'ServerLevel[New World]'/minecraft:the_end
[17:26:09] [Server thread/INFO] (Minecraft) ThreadedAnvilChunkStorage (world): All chunks are saved
[17:26:09] [Server thread/INFO] (Minecraft) ThreadedAnvilChunkStorage (DIM-1): All chunks are saved
[17:26:09] [Server thread/INFO] (Minecraft) ThreadedAnvilChunkStorage (DIM1): All chunks are saved
[17:26:09] [Server thread/INFO] (Minecraft) ThreadedAnvilChunkStorage: All dimensions are saved
[17:26:10] [Server thread/INFO] (Minecraft) Loading 49 chunks for player spawn...
[17:26:10] [Server thread/INFO] (Minecraft) Preparing spawn area: 16%
[17:26:10] [Server thread/INFO] (Minecraft) Preparing spawn area: 16%
[17:26:10] [Server thread/WARN] (Minecraft) Exception loading entity: 
java.lang.ClassCastException: class net.johnseagull.figManager.Figs cannot be cast to class net.johnseagull.pickup.Figs (net.johnseagull.figManager.Figs and net.johnseagull.pickup.Figs are in unnamed module of loader 'knot' @5383967b)
	at knot//net.minecraft.world.entity.Entity.handler$zoa000$pickup$modifyItemDimensions(Entity.java:5936)
	at knot//net.minecraft.world.entity.Entity.getDimensions(Entity.java)
	at knot//net.minecraft.world.entity.Entity.refreshDimensions(Entity.java:3562)
	at knot//net.minecraft.world.entity.Entity.handler$zoa000$pickup$onInit(Entity.java:5945)
	at knot//net.minecraft.world.entity.Entity.<init>(Entity.java:372)
	at knot//net.minecraft.world.entity.item.ItemEntity.<init>(ItemEntity.java:66)
	at knot//net.minecraft.world.entity.EntityType.create(EntityType.java:600)
	at knot//net.minecraft.world.entity.EntityType.lambda$create$0(EntityType.java:604)
	at java.base/java.util.Optional.map(Optional.java:260)
	at knot//net.minecraft.world.entity.EntityType.create(EntityType.java:604)
	at knot//net.minecraft.world.entity.EntityType.loadStaticEntity(EntityType.java:695)
	at knot//net.minecraft.world.entity.EntityType.loadEntityRecursive(EntityType.java:660)
	at knot//net.minecraft.world.entity.EntityType.lambda$loadEntitiesRecursive$0(EntityType.java:686)
	at java.base/java.util.stream.ReferencePipeline$11$1.accept(ReferencePipeline.java:489)
	at java.base/java.util.stream.ReferencePipeline$2$1.accept(ReferencePipeline.java:197)
	at knot//com.google.common.collect.Streams$1Splitr.tryAdvance(Streams.java:489)
	at java.base/java.util.Spliterator.forEachRemaining(Spliterator.java:332)
	at java.base/java.util.stream.AbstractPipeline.copyInto(AbstractPipeline.java:570)
	at java.base/java.util.stream.AbstractPipeline.wrapAndCopyInto(AbstractPipeline.java:560)
	at java.base/java.util.stream.AbstractPipeline.evaluate(AbstractPipeline.java:635)
	at java.base/java.util.stream.AbstractPipeline.evaluateToArrayNode(AbstractPipeline.java:291)
	at java.base/java.util.stream.ReferencePipeline.toArray(ReferencePipeline.java:652)
	at java.base/java.util.stream.ReferencePipeline.toArray(ReferencePipeline.java:658)
	at java.base/java.util.stream.ReferencePipeline.toList(ReferencePipeline.java:663)
	at knot//net.minecraft.world.level.chunk.storage.EntityStorage.lambda$loadEntities$0(EntityStorage.java:82)
	at java.base/java.util.concurrent.CompletableFuture$UniApply.tryFire(CompletableFuture.java:667)
	at java.base/java.util.concurrent.CompletableFuture$Completion.run(CompletableFuture.java:503)
	at knot//net.minecraft.util.Util.runNamed(Util.java:300)
	at knot//net.minecraft.util.thread.AbstractConsecutiveExecutor.pollTask(AbstractConsecutiveExecutor.java:50)
	at knot//net.minecraft.util.thread.AbstractConsecutiveExecutor.run(AbstractConsecutiveExecutor.java:60)
	at knot//net.minecraft.server.TickTask.run(TickTask.java:18)
	at knot//net.minecraft.util.thread.BlockableEventLoop.doRunTask(BlockableEventLoop.java:173)
	at knot//net.minecraft.util.thread.ReentrantBlockableEventLoop.doRunTask(ReentrantBlockableEventLoop.java:23)
	at knot//net.minecraft.server.MinecraftServer.doRunTask(MinecraftServer.java:934)
	at knot//net.minecraft.server.MinecraftServer.doRunTask(MinecraftServer.java:197)
	at knot//net.minecraft.util.thread.BlockableEventLoop.pollTask(BlockableEventLoop.java:147)
	at knot//net.minecraft.server.MinecraftServer.pollTaskInternal(MinecraftServer.java:916)
	at knot//net.minecraft.server.MinecraftServer.pollTask(MinecraftServer.java:910)
	at knot//net.minecraft.util.thread.BlockableEventLoop.runAllTasks(BlockableEventLoop.java:127)
	at knot//net.minecraft.server.MinecraftServer.waitUntilNextTick(MinecraftServer.java:878)
	at knot//net.minecraft.server.MinecraftServer.runServer(MinecraftServer.java:780)
	at knot//net.minecraft.server.MinecraftServer.lambda$spin$0(MinecraftServer.java:321)
	at java.base/java.lang.Thread.run(Thread.java:1474)
[17:26:10] [Server thread/WARN] (Minecraft) Exception loading entity: 
java.lang.ClassCastException: class net.johnseagull.figManager.Figs cannot be cast to class net.johnseagull.pickup.Figs (net.johnseagull.figManager.Figs and net.johnseagull.pickup.Figs are in unnamed module of loader 'knot' @5383967b)
	at knot//net.minecraft.world.entity.Entity.handler$zoa000$pickup$modifyItemDimensions(Entity.java:5936)
	at knot//net.minecraft.world.entity.Entity.getDimensions(Entity.java)
	at knot//net.minecraft.world.entity.Entity.refreshDimensions(Entity.java:3562)
	at knot//net.minecraft.world.entity.Entity.handler$zoa000$pickup$onInit(Entity.java:5945)
	at knot//net.minecraft.world.entity.Entity.<init>(Entity.java:372)
	at knot//net.minecraft.world.entity.item.ItemEntity.<init>(ItemEntity.java:66)
	at knot//net.minecraft.world.entity.EntityType.create(EntityType.java:600)
	at knot//net.minecraft.world.entity.EntityType.lambda$create$0(EntityType.java:604)
	at java.base/java.util.Optional.map(Optional.java:260)
	at knot//net.minecraft.world.entity.EntityType.create(EntityType.java:604)
	at knot//net.minecraft.world.entity.EntityType.loadStaticEntity(EntityType.java:695)
	at knot//net.minecraft.world.entity.EntityType.loadEntityRecursive(EntityType.java:660)
	at knot//net.minecraft.world.entity.EntityType.lambda$loadEntitiesRecursive$0(EntityType.java:686)
	at java.base/java.util.stream.ReferencePipeline$11$1.accept(ReferencePipeline.java:489)
	at java.base/java.util.stream.ReferencePipeline$2$1.accept(ReferencePipeline.java:197)
	at knot//com.google.common.collect.Streams$1Splitr.tryAdvance(Streams.java:489)
	at java.base/java.util.Spliterator.forEachRemaining(Spliterator.java:332)
	at java.base/java.util.stream.AbstractPipeline.copyInto(AbstractPipeline.java:570)
	at java.base/java.util.stream.AbstractPipeline.wrapAndCopyInto(AbstractPipeline.java:560)
	at java.base/java.util.stream.AbstractPipeline.evaluate(AbstractPipeline.java:635)
	at java.base/java.util.stream.AbstractPipeline.evaluateToArrayNode(AbstractPipeline.java:291)
	at java.base/java.util.stream.ReferencePipeline.toArray(ReferencePipeline.java:652)
	at java.base/java.util.stream.ReferencePipeline.toArray(ReferencePipeline.java:658)
	at java.base/java.util.stream.ReferencePipeline.toList(ReferencePipeline.java:663)
	at knot//net.minecraft.world.level.chunk.storage.EntityStorage.lambda$loadEntities$0(EntityStorage.java:82)
	at java.base/java.util.concurrent.CompletableFuture$UniApply.tryFire(CompletableFuture.java:667)
	at java.base/java.util.concurrent.CompletableFuture$Completion.run(CompletableFuture.java:503)
	at knot//net.minecraft.util.Util.runNamed(Util.java:300)
	at knot//net.minecraft.util.thread.AbstractConsecutiveExecutor.pollTask(AbstractConsecutiveExecutor.java:50)
	at knot//net.minecraft.util.thread.AbstractConsecutiveExecutor.run(AbstractConsecutiveExecutor.java:60)
	at knot//net.minecraft.server.TickTask.run(TickTask.java:18)
	at knot//net.minecraft.util.thread.BlockableEventLoop.doRunTask(BlockableEventLoop.java:173)
	at knot//net.minecraft.util.thread.ReentrantBlockableEventLoop.doRunTask(ReentrantBlockableEventLoop.java:23)
	at knot//net.minecraft.server.MinecraftServer.doRunTask(MinecraftServer.java:934)
	at knot//net.minecraft.server.MinecraftServer.doRunTask(MinecraftServer.java:197)
	at knot//net.minecraft.util.thread.BlockableEventLoop.pollTask(BlockableEventLoop.java:147)
	at knot//net.minecraft.server.MinecraftServer.pollTaskInternal(MinecraftServer.java:916)
	at knot//net.minecraft.server.MinecraftServer.pollTask(MinecraftServer.java:910)
	at knot//net.minecraft.util.thread.BlockableEventLoop.runAllTasks(BlockableEventLoop.java:127)
	at knot//net.minecraft.server.MinecraftServer.waitUntilNextTick(MinecraftServer.java:878)
	at knot//net.minecraft.server.MinecraftServer.runServer(MinecraftServer.java:780)
	at knot//net.minecraft.server.MinecraftServer.lambda$spin$0(MinecraftServer.java:321)
	at java.base/java.lang.Thread.run(Thread.java:1474)
[17:26:10] [Server thread/INFO] (Minecraft) Time elapsed: 1427 ms
[17:26:10] [Server thread/WARN] (Minecraft) Exception loading entity: 
java.lang.ClassCastException: class net.johnseagull.figManager.Figs cannot be cast to class net.johnseagull.pickup.Figs (net.johnseagull.figManager.Figs and net.johnseagull.pickup.Figs are in unnamed module of loader 'knot' @5383967b)
	at knot//net.minecraft.world.entity.Entity.handler$zoa000$pickup$modifyItemDimensions(Entity.java:5936)
	at knot//net.minecraft.world.entity.Entity.getDimensions(Entity.java)
	at knot//net.minecraft.world.entity.Entity.refreshDimensions(Entity.java:3562)
	at knot//net.minecraft.world.entity.Entity.handler$zoa000$pickup$onInit(Entity.java:5945)
	at knot//net.minecraft.world.entity.Entity.<init>(Entity.java:372)
	at knot//net.minecraft.world.entity.item.ItemEntity.<init>(ItemEntity.java:66)
	at knot//net.minecraft.world.entity.EntityType.create(EntityType.java:600)
	at knot//net.minecraft.world.entity.EntityType.lambda$create$0(EntityType.java:604)
	at java.base/java.util.Optional.map(Optional.java:260)
	at knot//net.minecraft.world.entity.EntityType.create(EntityType.java:604)
	at knot//net.minecraft.world.entity.EntityType.loadStaticEntity(EntityType.java:695)
	at knot//net.minecraft.world.entity.EntityType.loadEntityRecursive(EntityType.java:660)
	at knot//net.minecraft.world.entity.EntityType.lambda$loadEntitiesRecursive$0(EntityType.java:686)
	at java.base/java.util.stream.ReferencePipeline$11$1.accept(ReferencePipeline.java:489)
	at java.base/java.util.stream.ReferencePipeline$2$1.accept(ReferencePipeline.java:197)
	at knot//com.google.common.collect.Streams$1Splitr.tryAdvance(Streams.java:489)
	at java.base/java.util.Spliterator.forEachRemaining(Spliterator.java:332)
	at java.base/java.util.stream.AbstractPipeline.copyInto(AbstractPipeline.java:570)
	at java.base/java.util.stream.AbstractPipeline.wrapAndCopyInto(AbstractPipeline.java:560)
	at java.base/java.util.stream.AbstractPipeline.evaluate(AbstractPipeline.java:635)
	at java.base/java.util.stream.AbstractPipeline.evaluateToArrayNode(AbstractPipeline.java:291)
	at java.base/java.util.stream.ReferencePipeline.toArray(ReferencePipeline.java:652)
	at java.base/java.util.stream.ReferencePipeline.toArray(ReferencePipeline.java:658)
	at java.base/java.util.stream.ReferencePipeline.toList(ReferencePipeline.java:663)
	at knot//net.minecraft.world.level.chunk.storage.EntityStorage.lambda$loadEntities$0(EntityStorage.java:82)
	at java.base/java.util.concurrent.CompletableFuture$UniApply.tryFire(CompletableFuture.java:667)
	at java.base/java.util.concurrent.CompletableFuture$Completion.run(CompletableFuture.java:503)
	at knot//net.minecraft.util.Util.runNamed(Util.java:300)
	at knot//net.minecraft.util.thread.AbstractConsecutiveExecutor.pollTask(AbstractConsecutiveExecutor.java:50)
	at knot//net.minecraft.util.thread.AbstractConsecutiveExecutor.run(AbstractConsecutiveExecutor.java:60)
	at knot//net.minecraft.server.TickTask.run(TickTask.java:18)
	at knot//net.minecraft.util.thread.BlockableEventLoop.doRunTask(BlockableEventLoop.java:173)
	at knot//net.minecraft.util.thread.ReentrantBlockableEventLoop.doRunTask(ReentrantBlockableEventLoop.java:23)
	at knot//net.minecraft.server.MinecraftServer.doRunTask(MinecraftServer.java:934)
	at knot//net.minecraft.server.MinecraftServer.doRunTask(MinecraftServer.java:197)
	at knot//net.minecraft.util.thread.BlockableEventLoop.pollTask(BlockableEventLoop.java:147)
	at knot//net.minecraft.server.MinecraftServer.pollTaskInternal(MinecraftServer.java:916)
	at knot//net.minecraft.server.MinecraftServer.pollTask(MinecraftServer.java:910)
	at knot//net.minecraft.util.thread.BlockableEventLoop.managedBlock(BlockableEventLoop.java:156)
	at knot//net.minecraft.server.MinecraftServer.waitUntilNextTick(MinecraftServer.java:881)
	at knot//net.minecraft.server.MinecraftServer.runServer(MinecraftServer.java:780)
	at knot//net.minecraft.server.MinecraftServer.lambda$spin$0(MinecraftServer.java:321)
	at java.base/java.lang.Thread.run(Thread.java:1474)
[17:26:10] [Server thread/WARN] (Minecraft) Exception loading entity: 
java.lang.ClassCastException: class net.johnseagull.figManager.Figs cannot be cast to class net.johnseagull.pickup.Figs (net.johnseagull.figManager.Figs and net.johnseagull.pickup.Figs are in unnamed module of loader 'knot' @5383967b)
	at knot//net.minecraft.world.entity.Entity.handler$zoa000$pickup$modifyItemDimensions(Entity.java:5936)
	at knot//net.minecraft.world.entity.Entity.getDimensions(Entity.java)
	at knot//net.minecraft.world.entity.Entity.refreshDimensions(Entity.java:3562)
	at knot//net.minecraft.world.entity.Entity.handler$zoa000$pickup$onInit(Entity.java:5945)
	at knot//net.minecraft.world.entity.Entity.<init>(Entity.java:372)
	at knot//net.minecraft.world.entity.item.ItemEntity.<init>(ItemEntity.java:66)
	at knot//net.minecraft.world.entity.EntityType.create(EntityType.java:600)
	at knot//net.minecraft.world.entity.EntityType.lambda$create$0(EntityType.java:604)
	at java.base/java.util.Optional.map(Optional.java:260)
	at knot//net.minecraft.world.entity.EntityType.create(EntityType.java:604)
	at knot//net.minecraft.world.entity.EntityType.loadStaticEntity(EntityType.java:695)
	at knot//net.minecraft.world.entity.EntityType.loadEntityRecursive(EntityType.java:660)
	at knot//net.minecraft.world.entity.EntityType.lambda$loadEntitiesRecursive$0(EntityType.java:686)
	at java.base/java.util.stream.ReferencePipeline$11$1.accept(ReferencePipeline.java:489)
	at java.base/java.util.stream.ReferencePipeline$2$1.accept(ReferencePipeline.java:197)
	at knot//com.google.common.collect.Streams$1Splitr.tryAdvance(Streams.java:489)
	at java.base/java.util.Spliterator.forEachRemaining(Spliterator.java:332)
	at java.base/java.util.stream.AbstractPipeline.copyInto(AbstractPipeline.java:570)
	at java.base/java.util.stream.AbstractPipeline.wrapAndCopyInto(AbstractPipeline.java:560)
	at java.base/java.util.stream.AbstractPipeline.evaluate(AbstractPipeline.java:635)
	at java.base/java.util.stream.AbstractPipeline.evaluateToArrayNode(AbstractPipeline.java:291)
	at java.base/java.util.stream.ReferencePipeline.toArray(ReferencePipeline.java:652)
	at java.base/java.util.stream.ReferencePipeline.toArray(ReferencePipeline.java:658)
	at java.base/java.util.stream.ReferencePipeline.toList(ReferencePipeline.java:663)
	at knot//net.minecraft.world.level.chunk.storage.EntityStorage.lambda$loadEntities$0(EntityStorage.java:82)
	at java.base/java.util.concurrent.CompletableFuture$UniApply.tryFire(CompletableFuture.java:667)
	at java.base/java.util.concurrent.CompletableFuture$Completion.run(CompletableFuture.java:503)
	at knot//net.minecraft.util.Util.runNamed(Util.java:300)
	at knot//net.minecraft.util.thread.AbstractConsecutiveExecutor.pollTask(AbstractConsecutiveExecutor.java:50)
	at knot//net.minecraft.util.thread.AbstractConsecutiveExecutor.run(AbstractConsecutiveExecutor.java:60)
	at knot//net.minecraft.server.TickTask.run(TickTask.java:18)
	at knot//net.minecraft.util.thread.BlockableEventLoop.doRunTask(BlockableEventLoop.java:173)
	at knot//net.minecraft.util.thread.ReentrantBlockableEventLoop.doRunTask(ReentrantBlockableEventLoop.java:23)
	at knot//net.minecraft.server.MinecraftServer.doRunTask(MinecraftServer.java:934)
	at knot//net.minecraft.server.MinecraftServer.doRunTask(MinecraftServer.java:197)
	at knot//net.minecraft.util.thread.BlockableEventLoop.pollTask(BlockableEventLoop.java:147)
	at knot//net.minecraft.server.MinecraftServer.pollTaskInternal(MinecraftServer.java:916)
	at knot//net.minecraft.server.MinecraftServer.pollTask(MinecraftServer.java:910)
	at knot//net.minecraft.util.thread.BlockableEventLoop.managedBlock(BlockableEventLoop.java:156)
	at knot//net.minecraft.server.MinecraftServer.waitUntilNextTick(MinecraftServer.java:881)
	at knot//net.minecraft.server.MinecraftServer.runServer(MinecraftServer.java:780)
	at knot//net.minecraft.server.MinecraftServer.lambda$spin$0(MinecraftServer.java:321)
	at java.base/java.lang.Thread.run(Thread.java:1474)
[17:26:10] [Server thread/WARN] (Minecraft) Exception loading entity: 
java.lang.ClassCastException: class net.johnseagull.figManager.Figs cannot be cast to class net.johnseagull.pickup.Figs (net.johnseagull.figManager.Figs and net.johnseagull.pickup.Figs are in unnamed module of loader 'knot' @5383967b)
	at knot//net.minecraft.world.entity.Entity.handler$zoa000$pickup$modifyItemDimensions(Entity.java:5936)
	at knot//net.minecraft.world.entity.Entity.getDimensions(Entity.java)
	at knot//net.minecraft.world.entity.Entity.refreshDimensions(Entity.java:3562)
	at knot//net.minecraft.world.entity.Entity.handler$zoa000$pickup$onInit(Entity.java:5945)
	at knot//net.minecraft.world.entity.Entity.<init>(Entity.java:372)
	at knot//net.minecraft.world.entity.item.ItemEntity.<init>(ItemEntity.java:66)
	at knot//net.minecraft.world.entity.EntityType.create(EntityType.java:600)
	at knot//net.minecraft.world.entity.EntityType.lambda$create$0(EntityType.java:604)
	at java.base/java.util.Optional.map(Optional.java:260)
	at knot//net.minecraft.world.entity.EntityType.create(EntityType.java:604)
	at knot//net.minecraft.world.entity.EntityType.loadStaticEntity(EntityType.java:695)
	at knot//net.minecraft.world.entity.EntityType.loadEntityRecursive(EntityType.java:660)
	at knot//net.minecraft.world.entity.EntityType.lambda$loadEntitiesRecursive$0(EntityType.java:686)
	at java.base/java.util.stream.ReferencePipeline$11$1.accept(ReferencePipeline.java:489)
	at java.base/java.util.stream.ReferencePipeline$2$1.accept(ReferencePipeline.java:197)
	at knot//com.google.common.collect.Streams$1Splitr.tryAdvance(Streams.java:489)
	at java.base/java.util.Spliterator.forEachRemaining(Spliterator.java:332)
	at java.base/java.util.stream.AbstractPipeline.copyInto(AbstractPipeline.java:570)
	at java.base/java.util.stream.AbstractPipeline.wrapAndCopyInto(AbstractPipeline.java:560)
	at java.base/java.util.stream.AbstractPipeline.evaluate(AbstractPipeline.java:635)
	at java.base/java.util.stream.AbstractPipeline.evaluateToArrayNode(AbstractPipeline.java:291)
	at java.base/java.util.stream.ReferencePipeline.toArray(ReferencePipeline.java:652)
	at java.base/java.util.stream.ReferencePipeline.toArray(ReferencePipeline.java:658)
	at java.base/java.util.stream.ReferencePipeline.toList(ReferencePipeline.java:663)
	at knot//net.minecraft.world.level.chunk.storage.EntityStorage.lambda$loadEntities$0(EntityStorage.java:82)
	at java.base/java.util.concurrent.CompletableFuture$UniApply.tryFire(CompletableFuture.java:667)
	at java.base/java.util.concurrent.CompletableFuture$Completion.run(CompletableFuture.java:503)
	at knot//net.minecraft.util.Util.runNamed(Util.java:300)
	at knot//net.minecraft.util.thread.AbstractConsecutiveExecutor.pollTask(AbstractConsecutiveExecutor.java:50)
	at knot//net.minecraft.util.thread.AbstractConsecutiveExecutor.run(AbstractConsecutiveExecutor.java:60)
	at knot//net.minecraft.server.TickTask.run(TickTask.java:18)
	at knot//net.minecraft.util.thread.BlockableEventLoop.doRunTask(BlockableEventLoop.java:173)
	at knot//net.minecraft.util.thread.ReentrantBlockableEventLoop.doRunTask(ReentrantBlockableEventLoop.java:23)
	at knot//net.minecraft.server.MinecraftServer.doRunTask(MinecraftServer.java:934)
	at knot//net.minecraft.server.MinecraftServer.doRunTask(MinecraftServer.java:197)
	at knot//net.minecraft.util.thread.BlockableEventLoop.pollTask(BlockableEventLoop.java:147)
	at knot//net.minecraft.server.MinecraftServer.pollTaskInternal(MinecraftServer.java:916)
	at knot//net.minecraft.server.MinecraftServer.pollTask(MinecraftServer.java:910)
	at knot//net.minecraft.util.thread.BlockableEventLoop.managedBlock(BlockableEventLoop.java:156)
	at knot//net.minecraft.server.MinecraftServer.waitUntilNextTick(MinecraftServer.java:881)
	at knot//net.minecraft.server.MinecraftServer.runServer(MinecraftServer.java:780)
	at knot//net.minecraft.server.MinecraftServer.lambda$spin$0(MinecraftServer.java:321)
	at java.base/java.lang.Thread.run(Thread.java:1474)
[17:26:10] [Server thread/INFO] (Minecraft) Player632[local:E:5ae5a18a] logged in with entity id 73 at (17.658474459839123, 95.0, -65.99597056914571)
[17:26:10] [Server thread/INFO] (Minecraft) Player632 joined the game
[17:26:10] [Server thread/INFO] (CreeperDev FigManager) Syncing figs for player Player632
[17:26:11] [Server thread/ERROR] (Minecraft) Encountered an unexpected exception
java.lang.ClassCastException: class net.johnseagull.figManager.Figs cannot be cast to class net.johnseagull.pickup.Figs (net.johnseagull.figManager.Figs and net.johnseagull.pickup.Figs are in unnamed module of loader 'knot' @5383967b)
	at knot//net.johnseagull.pickup.Pickup.lambda$onInitialize$1(Pickup.java:63)
	at knot//net.fabricmc.fabric.api.event.lifecycle.v1.ServerTickEvents.lambda$static$3(ServerTickEvents.java:55)
	at knot//net.minecraft.server.MinecraftServer.handler$zko000$fabric-lifecycle-events-v1$onEndTick(MinecraftServer.java:3906)
	at knot//net.minecraft.server.MinecraftServer.tickServer(MinecraftServer.java:1026)
	at knot//net.minecraft.client.server.IntegratedServer.tickServer(IntegratedServer.java:135)
	at knot//net.minecraft.server.MinecraftServer.processPacketsAndTick(MinecraftServer.java:1035)
	at knot//net.minecraft.client.server.IntegratedServer.processPacketsAndTick(IntegratedServer.java:103)
	at knot//net.minecraft.server.MinecraftServer.runServer(MinecraftServer.java:774)
	at knot//net.minecraft.server.MinecraftServer.lambda$spin$0(MinecraftServer.java:321)
	at java.base/java.lang.Thread.run(Thread.java:1474)
[17:26:11] [Render thread/INFO] (Minecraft) Resizing Dynamic Transforms UBO, capacity limit of 2 reached during a single frame. New capacity will be 4.
[17:26:11] [Server thread/ERROR] (Minecraft) This crash report has been saved to: C:\Users\judah\..idea\pickup\run\crash-reports\crash-2026-05-18_17.26.11-server.txt
[17:26:11] [Server thread/INFO] (Minecraft) Stopping server
[17:26:11] [Server thread/INFO] (Minecraft) Saving players
[17:26:11] [Server thread/INFO] (Minecraft) Saving worlds
[17:26:11] [Render thread/INFO] (Minecraft) Resizing Dynamic Transforms UBO, capacity limit of 4 reached during a single frame. New capacity will be 8.
[17:26:11] [Render thread/ERROR] (Minecraft) Reported exception thrown!
net.minecraft.ReportedException: Exception in server tick loop
	at knot//net.minecraft.util.thread.BlockableEventLoop.throwDelayedException(BlockableEventLoop.java:203)
	at knot//net.minecraft.util.thread.BlockableEventLoop.pollTask(BlockableEventLoop.java:137)
	at knot//net.minecraft.util.thread.BlockableEventLoop.runAllTasks(BlockableEventLoop.java:127)
	at knot//net.minecraft.client.Minecraft.runTick(Minecraft.java:1345)
	at knot//net.minecraft.client.Minecraft.run(Minecraft.java:991)
	at knot//net.minecraft.client.main.Main.main(Main.java:248)
	at net.fabricmc.loader.impl.game.minecraft.MinecraftGameProvider.launch(MinecraftGameProvider.java:514)
	at net.fabricmc.loader.impl.launch.knot.Knot.launch(Knot.java:72)
	at net.fabricmc.loader.impl.launch.knot.KnotClient.main(KnotClient.java:23)
	at net.fabricmc.devlaunchinjector.Main.main(Main.java:86)
Caused by: java.lang.ClassCastException: class net.johnseagull.figManager.Figs cannot be cast to class net.johnseagull.pickup.Figs (net.johnseagull.figManager.Figs and net.johnseagull.pickup.Figs are in unnamed module of loader 'knot' @5383967b)
	at knot//net.johnseagull.pickup.Pickup.lambda$onInitialize$1(Pickup.java:63)
	at knot//net.fabricmc.fabric.api.event.lifecycle.v1.ServerTickEvents.lambda$static$3(ServerTickEvents.java:55)
	at knot//net.minecraft.server.MinecraftServer.handler$zko000$fabric-lifecycle-events-v1$onEndTick(MinecraftServer.java:3906)
	at knot//net.minecraft.server.MinecraftServer.tickServer(MinecraftServer.java:1026)
	at knot//net.minecraft.client.server.IntegratedServer.tickServer(IntegratedServer.java:135)
	at knot//net.minecraft.server.MinecraftServer.processPacketsAndTick(MinecraftServer.java:1035)
	at knot//net.minecraft.client.server.IntegratedServer.processPacketsAndTick(IntegratedServer.java:103)
	at knot//net.minecraft.server.MinecraftServer.runServer(MinecraftServer.java:774)
	at knot//net.minecraft.server.MinecraftServer.lambda$spin$0(MinecraftServer.java:321)
	at java.base/java.lang.Thread.run(Thread.java:1474)
[17:26:11] [Server thread/INFO] (Minecraft) Saving chunks for level 'ServerLevel[New World]'/minecraft:overworld
[17:26:11] [Server thread/INFO] (Minecraft) Saving chunks for level 'ServerLevel[New World]'/minecraft:the_nether
[17:26:11] [Server thread/INFO] (Minecraft) Saving chunks for level 'ServerLevel[New World]'/minecraft:the_end
[17:26:11] [Server thread/INFO] (Minecraft) ThreadedAnvilChunkStorage (world): All chunks are saved
[17:26:11] [Server thread/INFO] (Minecraft) ThreadedAnvilChunkStorage (DIM-1): All chunks are saved
[17:26:11] [Server thread/INFO] (Minecraft) ThreadedAnvilChunkStorage (DIM1): All chunks are saved
[17:26:11] [Server thread/INFO] (Minecraft) ThreadedAnvilChunkStorage: All dimensions are saved
